---
source: tests/check_cli.rs
expression: body
---
status: Some(1)
stdout:
ASSUM.md:6:3: warning: assumption `unused_root` unused
main.rs:2:4: error: assumption `missing_root` not defined in scope
services/api/handler.py:2:3: error: assumption `ghost_api` not defined in scope
web/app.js:3:4: error: assumption `missing_web` not defined in scope
stderr:
