---
source: tests/lsp_e2e.rs
assertion_line: 266
expression: snapshot
---
{
  "completion_labels": [
    "shared_name",
    "web_only"
  ],
  "highlights": [
    {
      "kind": 1,
      "range": {
        "end": {
          "character": 22,
          "line": 0
        },
        "start": {
          "character": 3,
          "line": 0
        }
      }
    },
    {
      "kind": 2,
      "range": {
        "end": {
          "character": 22,
          "line": 0
        },
        "start": {
          "character": 11,
          "line": 0
        }
      }
    }
  ],
  "hover": {
    "contents": {
      "kind": "markdown",
      "value": "Web-specific shared_name description.\n\nRelies on @ASSUME:web_only for shared UI rules.\n\nAdditional paragraph describing UI constraints.\n"
    },
    "range": {
      "end": {
        "character": 22,
        "line": 0
      },
      "start": {
        "character": 3,
        "line": 0
      }
    }
  },
  "references_from_definition": [
    {
      "range": {
        "end": {
          "character": 13,
          "line": 0
        },
        "start": {
          "character": 2,
          "line": 0
        }
      },
      "uri": "<ROOT>/web/ASSUM.md"
    },
    {
      "range": {
        "end": {
          "character": 22,
          "line": 0
        },
        "start": {
          "character": 3,
          "line": 0
        }
      },
      "uri": "<ROOT>/web/app.js"
    },
    {
      "range": {
        "end": {
          "character": 24,
          "line": 7
        },
        "start": {
          "character": 5,
          "line": 7
        }
      },
      "uri": "<ROOT>/web/app.js"
    }
  ],
  "references_from_use": [
    {
      "range": {
        "end": {
          "character": 13,
          "line": 0
        },
        "start": {
          "character": 2,
          "line": 0
        }
      },
      "uri": "<ROOT>/web/ASSUM.md"
    },
    {
      "range": {
        "end": {
          "character": 22,
          "line": 0
        },
        "start": {
          "character": 3,
          "line": 0
        }
      },
      "uri": "<ROOT>/web/app.js"
    },
    {
      "range": {
        "end": {
          "character": 24,
          "line": 7
        },
        "start": {
          "character": 5,
          "line": 7
        }
      },
      "uri": "<ROOT>/web/app.js"
    }
  ],
  "references_web_only": [
    {
      "range": {
        "end": {
          "character": 26,
          "line": 3
        },
        "start": {
          "character": 10,
          "line": 3
        }
      },
      "uri": "<ROOT>/web/ASSUM.md"
    },
    {
      "range": {
        "end": {
          "character": 10,
          "line": 7
        },
        "start": {
          "character": 2,
          "line": 7
        }
      },
      "uri": "<ROOT>/web/ASSUM.md"
    },
    {
      "range": {
        "end": {
          "character": 21,
          "line": 2
        },
        "start": {
          "character": 5,
          "line": 2
        }
      },
      "uri": "<ROOT>/web/app.js"
    }
  ],
  "rename": {
    "changes": {
      "<ROOT>/web/ASSUM.md": [
        {
          "newText": "shared_web",
          "range": {
            "end": {
              "character": 13,
              "line": 0
            },
            "start": {
              "character": 2,
              "line": 0
            }
          }
        }
      ],
      "<ROOT>/web/app.js": [
        {
          "newText": "shared_web",
          "range": {
            "end": {
              "character": 22,
              "line": 0
            },
            "start": {
              "character": 11,
              "line": 0
            }
          }
        },
        {
          "newText": "shared_web",
          "range": {
            "end": {
              "character": 24,
              "line": 7
            },
            "start": {
              "character": 13,
              "line": 7
            }
          }
        }
      ]
    }
  },
  "semantic_tokens": {
    "data": [
      0,
      3,
      8,
      0,
      0,
      0,
      8,
      11,
      1,
      0,
      2,
      5,
      8,
      0,
      0,
      0,
      8,
      8,
      1,
      0,
      5,
      5,
      8,
      0,
      0,
      0,
      8,
      11,
      1,
      0
    ]
  }
}
